
> frontend@0.1.0 build
> next build

node.exe :  ÔÜá Invalid next.config.ts options detected: 
At line:1 char:1
+ & "C:\Program Files\nodejs/node.exe" "C:\Users\sruja\AppData\Roaming\ ...
+ ~~~~~~~~~~~~~~~~~~~~~~~~~~~~~~~~~~~~~~~~~~~~~~~~~~~~~~~~~~~~~~~~~~~~~
    + CategoryInfo          : NotSpecified: ( ÔÜá Invalid ne...ions detected: :String) [], RemoteException
    + FullyQualifiedErrorId : NativeCommandError
 
 ÔÜá     Unrecognized key(s) in object: 'reactCompiler'
 ÔÜá See more info here: https://nextjs.org/docs/messages/invalid-next-config
 ÔÜá Warning: Next.js inferred your workspace root, but it may not be correct.
 We detected multiple lockfiles and selected the directory of C:\Users\sruja\Desktop\ssa-final\package-lock.json as 
the root directory.
 To silence this warning, set `outputFileTracingRoot` in your Next.js config, or consider removing one of the 
lockfiles if it's not needed.
   See https://nextjs.org/docs/app/api-reference/config/next-config-js/output#caveats for more information.
 Detected additional lockfiles: 
   * C:\Users\sruja\Desktop\ssa-final\frontend\package-lock.json

   Ôû▓ Next.js 15.5.18
   - Environments: .env.local

   Creating an optimized production build ...
 Ô£ô Compiled successfully in 3.8s
   Linting and checking validity of types ...

Failed to compile.

./src/app/layout.tsx
3:8  Warning: 'ServiceCards' is defined but never used.  @typescript-eslint/no-unused-vars

./src/app/sep/page.tsx
139:5  Error: Error: Calling setState synchronously within an effect can trigger cascading renders

Effects are intended to synchronize state between React and external systems such as manually updating the DOM, state 
management libraries, or other platform APIs. In general, the body of an effect should do one or both of the following:
* Update external systems with the latest state from React.
* Subscribe for updates from some external system, calling setState in a callback function when external state changes.

Calling setState synchronously within an effect body causes cascading renders that can hurt performance, and is not 
recommended. (https://react.dev/learn/you-might-not-need-an-effect).

C:\Users\sruja\Desktop\ssa-final\frontend\src\app\sep\page.tsx:139:5
  137 |
  138 |   useEffect(() => {
> 139 |     fetchData();
      |     ^^^^^^^^^ Avoid calling setState() directly within an effect
  140 |     const interval = setInterval(fetchData, 5 * 60 * 1000);
  141 |     return () => clearInterval(interval);
  142 |   }, [fetchData]);  react-hooks/set-state-in-effect

./src/app/solar-wind/page.tsx
106:5  Error: Error: Calling setState synchronously within an effect can trigger cascading renders

Effects are intended to synchronize state between React and external systems such as manually updating the DOM, state 
management libraries, or other platform APIs. In general, the body of an effect should do one or both of the following:
* Update external systems with the latest state from React.
* Subscribe for updates from some external system, calling setState in a callback function when external state changes.

Calling setState synchronously within an effect body causes cascading renders that can hurt performance, and is not 
recommended. (https://react.dev/learn/you-might-not-need-an-effect).

C:\Users\sruja\Desktop\ssa-final\frontend\src\app\solar-wind\page.tsx:106:5
  104 |
  105 |   useEffect(() => {
> 106 |     fetchData();
      |     ^^^^^^^^^ Avoid calling setState() directly within an effect
  107 |     const interval = setInterval(fetchData, 5 * 60 * 1000);
  108 |     return () => clearInterval(interval);
  109 |   }, [fetchData]);  react-hooks/set-state-in-effect

./src/components/cards/CMECards.tsx
4:22  Warning: 'getCMEImageUrl' is defined but never used.  @typescript-eslint/no-unused-vars
44:29  Error: `'` can be escaped with `&apos;`, `&lsquo;`, `&#39;`, `&rsquo;`.  react/no-unescaped-entities
86:77  Error: `'` can be escaped with `&apos;`, `&lsquo;`, `&#39;`, `&rsquo;`.  react/no-unescaped-entities
220:9  Warning: Using `<img>` could result in slower LCP and higher bandwidth. Consider using `<Image />` from 
`next/image` or a custom image loader to automatically optimize images. This may incur additional usage or cost from 
your provider. See: https://nextjs.org/docs/messages/no-img-element  @next/next/no-img-element

./src/components/cards/FlarePredictionCard.tsx
180:5  Error: Error: Calling setState synchronously within an effect can trigger cascading renders

Effects are intended to synchronize state between React and external systems such as manually updating the DOM, state 
management libraries, or other platform APIs. In general, the body of an effect should do one or both of the following:
* Update external systems with the latest state from React.
* Subscribe for updates from some external system, calling setState in a callback function when external state changes.

Calling setState synchronously within an effect body causes cascading renders that can hurt performance, and is not 
recommended. (https://react.dev/learn/you-might-not-need-an-effect).

C:\Users\sruja\Desktop\ssa-final\frontend\src\components\cards\FlarePredictionCard.tsx:180:5
  178 |   // Initial fetch + auto-refresh every 5 min
  179 |   useEffect(() => {
> 180 |     fetchPrediction();
      |     ^^^^^^^^^^^^^^^ Avoid calling setState() directly within an effect
  181 |     const id = setInterval(fetchPrediction, REFRESH_INTERVAL_MS);
  182 |     return () => clearInterval(id);
  183 |   }, [fetchPrediction]);  react-hooks/set-state-in-effect

./src/components/cards/GOESFluxChart.tsx
14:42  Error: Unexpected any. Specify a different type.  @typescript-eslint/no-explicit-any
15:46  Error: Unexpected any. Specify a different type.  @typescript-eslint/no-explicit-any

./src/components/cards/InteractiveMagnetogram.tsx
23:10  Warning: 'imgSize' is assigned a value but never used.  @typescript-eslint/no-unused-vars
23:19  Warning: 'setImgSize' is assigned a value but never used.  @typescript-eslint/no-unused-vars
151:11  Warning: Using `<img>` could result in slower LCP and higher bandwidth. Consider using `<Image />` from 
`next/image` or a custom image loader to automatically optimize images. This may incur additional usage or cost from 
your provider. See: https://nextjs.org/docs/messages/no-img-element  @next/next/no-img-element

./src/components/cards/ProtonFluxChart.tsx
14:48  Error: Unexpected any. Specify a different type.  @typescript-eslint/no-explicit-any

./src/components/cards/SolarWindChart.tsx
14:46  Error: Unexpected any. Specify a different type.  @typescript-eslint/no-explicit-any

./src/components/chat/ChatUI.tsx
137:7  Error: Error: Calling setState synchronously within an effect can trigger cascading renders

Effects are intended to synchronize state between React and external systems such as manually updating the DOM, state 
management libraries, or other platform APIs. In general, the body of an effect should do one or both of the following:
* Update external systems with the latest state from React.
* Subscribe for updates from some external system, calling setState in a callback function when external state changes.

Calling setState synchronously within an effect body causes cascading renders that can hurt performance, and is not 
recommended. (https://react.dev/learn/you-might-not-need-an-effect).

C:\Users\sruja\Desktop\ssa-final\frontend\src\components\chat\ChatUI.tsx:137:7
  135 |   useEffect(() => {
  136 |     if (!image) {
> 137 |       setPreviewUrl(null);
      |       ^^^^^^^^^^^^^ Avoid calling setState() directly within an effect
  138 |       return;
  139 |     }
  140 |  react-hooks/set-state-in-effect

./src/components/chat/MessageBubble.tsx
38:11  Warning: Using `<img>` could result in slower LCP and higher bandwidth. Consider using `<Image />` from 
`next/image` or a custom image loader to automatically optimize images. This may incur additional usage or cost from 
your provider. See: https://nextjs.org/docs/messages/no-img-element  @next/next/no-img-element
51:13  Warning: Using `<img>` could result in slower LCP and higher bandwidth. Consider using `<Image />` from 
`next/image` or a custom image loader to automatically optimize images. This may incur additional usage or cost from 
your provider. See: https://nextjs.org/docs/messages/no-img-element  @next/next/no-img-element

./src/components/home/ServiceCards.tsx
133:9  Warning: Using `<img>` could result in slower LCP and higher bandwidth. Consider using `<Image />` from 
`next/image` or a custom image loader to automatically optimize images. This may incur additional usage or cost from 
your provider. See: https://nextjs.org/docs/messages/no-img-element  @next/next/no-img-element
198:11  Warning: Using `<img>` could result in slower LCP and higher bandwidth. Consider using `<Image />` from 
`next/image` or a custom image loader to automatically optimize images. This may incur additional usage or cost from 
your provider. See: https://nextjs.org/docs/messages/no-img-element  @next/next/no-img-element

./src/components/home/SolarVisualsBanner.tsx
197:7  Warning: Using `<img>` could result in slower LCP and higher bandwidth. Consider using `<Image />` from 
`next/image` or a custom image loader to automatically optimize images. This may incur additional usage or cost from 
your provider. See: https://nextjs.org/docs/messages/no-img-element  @next/next/no-img-element

info  - Need to disable some ESLint rules? Learn more here: 
https://nextjs.org/docs/app/api-reference/config/eslint#disabling-rules
